<?xml version="1.0"?>
<form method="POST" role="form" class="form-horizontal" name="edit" action="/">
  <input type="hidden" name="_csrf_token" value="pr073ct10n"/>
  <input name="id" type="hidden" value="2"/>
  <div class="form-group">
    <div class="col-sm-5">
      <label for="url">Url</label>
      <input type="text" name="url" class="form-control" disabled="true" value="www.keybase.com"/>
    </div>
  </div>
  <div class="form-group">
    <div class="col-sm-5">
      <label for="expression">Expression</label>
      <input type="text" name="expression" class="form-control" disabled="true" value="//expr"/>
    </div>
  </div>
  <div class="form-group">
    <div class="col-sm-5">
      <label for="language">Query language</label>
      <select name="language" class="form-control" disabled="true">
        <option value="xpath" disabled="true">XPath</option>
        <option value="css" disabled="true">CSS</option>
      </select>
    </div>
  </div>
  <div class="form-group">
    <div class="col-sm-5">
      <label for="interval">Interval</label>
      <input type="number" name="interval" class="form-control" required="required" value="44" min="30" max="1439"/>
    </div>
  </div>
  <div class="form-group">
    <div class="col-sm-5">
      <input type="submit" name="act" class="form-control" value="Edit"/>
    </div>
  </div>
</form>
