<?xml version="1.0"?>
<form method="POST" role="form" class="form-horizontal" name="preview" action="/subscription">
  <input type="hidden" name="_csrf_token" value="pr073ct10n"/>
  <div class="form-group">
    <div class="col-sm-5">
      <label for="url">Url</label>
      <input type="text" name="url" class="form-control" required="required"/>
    </div>
  </div>
  <div class="form-group">
    <div class="col-sm-5">
      <label for="expression">Expression</label>
      <input type="text" name="expression" class="form-control" required="required"/>
    </div>
  </div>
  <div class="form-group">
    <div class="col-sm-5">
      <label for="language">Query language</label>
      <select name="language" class="form-control">
        <option value="xpath">XPath</option>
        <option value="css">CSS</option>
      </select>
    </div>
  </div>
  <div class="form-group">
    <div class="col-sm-5">
      <input type="submit" name="act" class="form-control" value="Preview"/>
    </div>
  </div>
</form>
