<?xml version="1.0"?>
<forms>
  <form id="invite-555" role="form" class="form-horizontal" name="invite-555" method="POST" action="/participants/invite">
    <input type="hidden" name="_csrf_token" value="pr073ct10n"/>
    <input type="hidden" name="subscription" value="555"/>
    <div class="form-group">
      <div class="col-sm-3">
        <label for="email">Email</label>
        <input type="email" name="email" class="form-control" required="required"/>
      </div>
    </div>
    <div class="form-group">
      <div class="col-sm-3">
        <input type="submit" name="act" class="form-control" value="Invite"/>
      </div>
    </div>
  </form>
  <form id="invite-666" role="form" class="form-horizontal" name="invite-666" method="POST" action="/participants/invite">
    <input type="hidden" name="_csrf_token" value="pr073ct10n"/>
    <input type="hidden" name="subscription" value="666"/>
    <div class="form-group">
      <div class="col-sm-3">
        <label for="email">Email</label>
        <input type="email" name="email" class="form-control" required="required"/>
      </div>
    </div>
    <div class="form-group">
      <div class="col-sm-3">
        <input type="submit" name="act" class="form-control" value="Invite"/>
      </div>
    </div>
  </form>
</forms>
