<?xml version="1.0"?>
<form id="retry-666" name="retry-666" method="POST" action="/participants/invite">
  <input type="hidden" name="_csrf_token" value="pr073ct10n"/>
  <input type="hidden" name="subscription" value="555"/>
  <input type="hidden" name="email" value="me@participant.cz"/>
  <input type="button" name="act"/>
</form>
